{
  "version": "1.5.0",
  "plugins_used": [
    {
      "name": "ArtifactoryDetector"
    },
    {
      "name": "AWSKeyDetector"
    },
    {
      "name": "AzureStorageKeyDetector"
    },
    {
      "name": "Base64HighEntropyString",
      "limit": 4.5
    },
    {
      "name": "BasicAuthDetector"
    },
    {
      "name": "CloudantDetector"
    },
    {
      "name": "DiscordBotTokenDetector"
    },
    {
      "name": "GitHubTokenDetector"
    },
    {
      "name": "GitLabTokenDetector"
    },
    {
      "name": "HexHighEntropyString",
      "limit": 3.0
    },
    {
      "name": "IbmCloudIamDetector"
    },
    {
      "name": "IbmCosHmacDetector"
    },
    {
      "name": "IPPublicDetector"
    },
    {
      "name": "JwtTokenDetector"
    },
    {
      "name": "KeywordDetector",
      "keyword_exclude": ""
    },
    {
      "name": "MailchimpDetector"
    },
    {
      "name": "NpmDetector"
    },
    {
      "name": "OpenAIDetector"
    },
    {
      "name": "PrivateKeyDetector"
    },
    {
      "name": "PypiTokenDetector"
    },
    {
      "name": "SendGridDetector"
    },
    {
      "name": "SlackDetector"
    },
    {
      "name": "SoftlayerDetector"
    },
    {
      "name": "SquareOAuthDetector"
    },
    {
      "name": "StripeDetector"
    },
    {
      "name": "TelegramBotTokenDetector"
    },
    {
      "name": "TwilioKeyDetector"
    }
  ],
  "filters_used": [
    {
      "path": "detect_secrets.filters.allowlist.is_line_allowlisted"
    },
    {
      "path": "detect_secrets.filters.common.is_baseline_file",
      "filename": ".secrets.baseline"
    },
    {
      "path": "detect_secrets.filters.common.is_ignored_due_to_verification_policies",
      "min_level": 2
    },
    {
      "path": "detect_secrets.filters.heuristic.is_indirect_reference"
    },
    {
      "path": "detect_secrets.filters.heuristic.is_likely_id_string"
    },
    {
      "path": "detect_secrets.filters.heuristic.is_lock_file"
    },
    {
      "path": "detect_secrets.filters.heuristic.is_not_alphanumeric_string"
    },
    {
      "path": "detect_secrets.filters.heuristic.is_potential_uuid"
    },
    {
      "path": "detect_secrets.filters.heuristic.is_prefixed_with_dollar_sign"
    },
    {
      "path": "detect_secrets.filters.heuristic.is_sequential_string"
    },
    {
      "path": "detect_secrets.filters.heuristic.is_swagger_file"
    },
    {
      "path": "detect_secrets.filters.heuristic.is_templated_secret"
    }
  ],
  "results": {
    "docs/compact-wire-provenance.json": [
      {
        "type": "Hex High Entropy String",
        "filename": "docs/compact-wire-provenance.json",
        "hashed_secret": "196c2883487a4ed91a527d622becfb9b60be3e68",
        "is_verified": false,
        "line_number": 55,
        "is_secret": false
      },
      {
        "type": "Hex High Entropy String",
        "filename": "docs/compact-wire-provenance.json",
        "hashed_secret": "3192b32c7961d082190dfa52b10b34a0cedeafb9",
        "is_verified": false,
        "line_number": 56,
        "is_secret": false
      },
      {
        "type": "Hex High Entropy String",
        "filename": "docs/compact-wire-provenance.json",
        "hashed_secret": "3c4a3df97ed4c2d072296b696cc224dfcbe00b90",
        "is_verified": false,
        "line_number": 57,
        "is_secret": false
      },
      {
        "type": "Hex High Entropy String",
        "filename": "docs/compact-wire-provenance.json",
        "hashed_secret": "efb218fda6aed96432d23f94e01d3e11039a6fd9",
        "is_verified": false,
        "line_number": 58,
        "is_secret": false
      },
      {
        "type": "Hex High Entropy String",
        "filename": "docs/compact-wire-provenance.json",
        "hashed_secret": "bcf95b3357f6f152882064006457fb9b9b7c3f68",
        "is_verified": false,
        "line_number": 59,
        "is_secret": false
      },
      {
        "type": "Hex High Entropy String",
        "filename": "docs/compact-wire-provenance.json",
        "hashed_secret": "71c2b5faa10437b37d54b16c3cf59c87fe2b6767",
        "is_verified": false,
        "line_number": 60,
        "is_secret": false
      },
      {
        "type": "Hex High Entropy String",
        "filename": "docs/compact-wire-provenance.json",
        "hashed_secret": "c66c183b435906f73bdbd85d2fb5ad664a058f70",
        "is_verified": false,
        "line_number": 62,
        "is_secret": false
      },
      {
        "type": "Hex High Entropy String",
        "filename": "docs/compact-wire-provenance.json",
        "hashed_secret": "9fd89ef68907ea171f36f3ecdbf60973f7645700",
        "is_verified": false,
        "line_number": 67,
        "is_secret": false
      },
      {
        "type": "Hex High Entropy String",
        "filename": "docs/compact-wire-provenance.json",
        "hashed_secret": "860e318c4afb62a44200cefcf2e2b2cd441c748e",
        "is_verified": false,
        "line_number": 78,
        "is_secret": false
      },
      {
        "type": "Hex High Entropy String",
        "filename": "docs/compact-wire-provenance.json",
        "hashed_secret": "55c74143092431d819d1cb1ee6b0ba34d6f1d26a",
        "is_verified": false,
        "line_number": 525,
        "is_secret": false
      },
      {
        "type": "Hex High Entropy String",
        "filename": "docs/compact-wire-provenance.json",
        "hashed_secret": "148464f42844f03ba8e3f5b9978017cadc101cfe",
        "is_verified": false,
        "line_number": 526,
        "is_secret": false
      },
      {
        "type": "Hex High Entropy String",
        "filename": "docs/compact-wire-provenance.json",
        "hashed_secret": "68bcb87a71d1a3bb6045abe761f020bb7d0b2d02",
        "is_verified": false,
        "line_number": 527,
        "is_secret": false
      },
      {
        "type": "Hex High Entropy String",
        "filename": "docs/compact-wire-provenance.json",
        "hashed_secret": "b2b0f5d0398a898ec9c206cc8a059a6f3dd474c0",
        "is_verified": false,
        "line_number": 528,
        "is_secret": false
      },
      {
        "type": "Hex High Entropy String",
        "filename": "docs/compact-wire-provenance.json",
        "hashed_secret": "66f797aec1e94058d5f937460e95616d0c81c99a",
        "is_verified": false,
        "line_number": 529,
        "is_secret": false
      },
      {
        "type": "Hex High Entropy String",
        "filename": "docs/compact-wire-provenance.json",
        "hashed_secret": "279569dd5baf47a24b3e89898ec1b20a2ba2aeaa",
        "is_verified": false,
        "line_number": 530,
        "is_secret": false
      },
      {
        "type": "Hex High Entropy String",
        "filename": "docs/compact-wire-provenance.json",
        "hashed_secret": "45c4f1f8014d5f85aded245dce8a465863449180",
        "is_verified": false,
        "line_number": 531,
        "is_secret": false
      },
      {
        "type": "Hex High Entropy String",
        "filename": "docs/compact-wire-provenance.json",
        "hashed_secret": "c3e8256ddc26264552f5a0e1a8bc9672199723d5",
        "is_verified": false,
        "line_number": 532,
        "is_secret": false
      },
      {
        "type": "Hex High Entropy String",
        "filename": "docs/compact-wire-provenance.json",
        "hashed_secret": "c2081d48346df7e4de6db20d96a916b30d403402",
        "is_verified": false,
        "line_number": 533,
        "is_secret": false
      },
      {
        "type": "Hex High Entropy String",
        "filename": "docs/compact-wire-provenance.json",
        "hashed_secret": "2fe4895fd24b54c99893af003a85183711ec055d",
        "is_verified": false,
        "line_number": 534,
        "is_secret": false
      },
      {
        "type": "Hex High Entropy String",
        "filename": "docs/compact-wire-provenance.json",
        "hashed_secret": "bfab1670f9a2e10b95cf3b977a274f4325c2efd8",
        "is_verified": false,
        "line_number": 535,
        "is_secret": false
      },
      {
        "type": "Hex High Entropy String",
        "filename": "docs/compact-wire-provenance.json",
        "hashed_secret": "6a7ba71e646fb95420fbdde8a0047647f7aedbf4",
        "is_verified": false,
        "line_number": 7114,
        "is_secret": false
      },
      {
        "type": "Hex High Entropy String",
        "filename": "docs/compact-wire-provenance.json",
        "hashed_secret": "acbc17d729eec94bac37a08e27b27dfd4716089f",
        "is_verified": false,
        "line_number": 7120,
        "is_secret": false
      },
      {
        "type": "Hex High Entropy String",
        "filename": "docs/compact-wire-provenance.json",
        "hashed_secret": "e9a7560d253a344cccf39c9311864ee8eb571cff",
        "is_verified": false,
        "line_number": 7122,
        "is_secret": false
      },
      {
        "type": "Hex High Entropy String",
        "filename": "docs/compact-wire-provenance.json",
        "hashed_secret": "f631bf5848ed68099536256e324ce015b348b08e",
        "is_verified": false,
        "line_number": 7125,
        "is_secret": false
      },
      {
        "type": "Hex High Entropy String",
        "filename": "docs/compact-wire-provenance.json",
        "hashed_secret": "1dc9c03a666dcdd87ff825d6752df9a3b5384672",
        "is_verified": false,
        "line_number": 7133,
        "is_secret": false
      },
      {
        "type": "Hex High Entropy String",
        "filename": "docs/compact-wire-provenance.json",
        "hashed_secret": "c69c0e5a6062cf8f0f1b212beca85915602efce0",
        "is_verified": false,
        "line_number": 7134,
        "is_secret": false
      },
      {
        "type": "Hex High Entropy String",
        "filename": "docs/compact-wire-provenance.json",
        "hashed_secret": "d650d4c1b6571bc5a0c87c00c39b0695f437ddf3",
        "is_verified": false,
        "line_number": 7135,
        "is_secret": false
      },
      {
        "type": "Hex High Entropy String",
        "filename": "docs/compact-wire-provenance.json",
        "hashed_secret": "f531742fdfb692a8a64fdee67d15095217dade74",
        "is_verified": false,
        "line_number": 7136,
        "is_secret": false
      },
      {
        "type": "Hex High Entropy String",
        "filename": "docs/compact-wire-provenance.json",
        "hashed_secret": "4e7355809b94c66cbac80bc1f676b4e3925f544a",
        "is_verified": false,
        "line_number": 7139,
        "is_secret": false
      }
    ],
    "docs/compact-wire-report.json": [
      {
        "type": "Hex High Entropy String",
        "filename": "docs/compact-wire-report.json",
        "hashed_secret": "196c2883487a4ed91a527d622becfb9b60be3e68",
        "is_verified": false,
        "line_number": 76,
        "is_secret": false
      },
      {
        "type": "Hex High Entropy String",
        "filename": "docs/compact-wire-report.json",
        "hashed_secret": "3192b32c7961d082190dfa52b10b34a0cedeafb9",
        "is_verified": false,
        "line_number": 77,
        "is_secret": false
      },
      {
        "type": "Hex High Entropy String",
        "filename": "docs/compact-wire-report.json",
        "hashed_secret": "3c4a3df97ed4c2d072296b696cc224dfcbe00b90",
        "is_verified": false,
        "line_number": 78,
        "is_secret": false
      },
      {
        "type": "Hex High Entropy String",
        "filename": "docs/compact-wire-report.json",
        "hashed_secret": "efb218fda6aed96432d23f94e01d3e11039a6fd9",
        "is_verified": false,
        "line_number": 79,
        "is_secret": false
      },
      {
        "type": "Hex High Entropy String",
        "filename": "docs/compact-wire-report.json",
        "hashed_secret": "bcf95b3357f6f152882064006457fb9b9b7c3f68",
        "is_verified": false,
        "line_number": 80,
        "is_secret": false
      },
      {
        "type": "Hex High Entropy String",
        "filename": "docs/compact-wire-report.json",
        "hashed_secret": "71c2b5faa10437b37d54b16c3cf59c87fe2b6767",
        "is_verified": false,
        "line_number": 81,
        "is_secret": false
      },
      {
        "type": "Hex High Entropy String",
        "filename": "docs/compact-wire-report.json",
        "hashed_secret": "c66c183b435906f73bdbd85d2fb5ad664a058f70",
        "is_verified": false,
        "line_number": 83,
        "is_secret": false
      },
      {
        "type": "Hex High Entropy String",
        "filename": "docs/compact-wire-report.json",
        "hashed_secret": "9fd89ef68907ea171f36f3ecdbf60973f7645700",
        "is_verified": false,
        "line_number": 88,
        "is_secret": false
      },
      {
        "type": "Hex High Entropy String",
        "filename": "docs/compact-wire-report.json",
        "hashed_secret": "860e318c4afb62a44200cefcf2e2b2cd441c748e",
        "is_verified": false,
        "line_number": 99,
        "is_secret": false
      },
      {
        "type": "Hex High Entropy String",
        "filename": "docs/compact-wire-report.json",
        "hashed_secret": "55c74143092431d819d1cb1ee6b0ba34d6f1d26a",
        "is_verified": false,
        "line_number": 546,
        "is_secret": false
      },
      {
        "type": "Hex High Entropy String",
        "filename": "docs/compact-wire-report.json",
        "hashed_secret": "148464f42844f03ba8e3f5b9978017cadc101cfe",
        "is_verified": false,
        "line_number": 547,
        "is_secret": false
      },
      {
        "type": "Hex High Entropy String",
        "filename": "docs/compact-wire-report.json",
        "hashed_secret": "68bcb87a71d1a3bb6045abe761f020bb7d0b2d02",
        "is_verified": false,
        "line_number": 548,
        "is_secret": false
      },
      {
        "type": "Hex High Entropy String",
        "filename": "docs/compact-wire-report.json",
        "hashed_secret": "b2b0f5d0398a898ec9c206cc8a059a6f3dd474c0",
        "is_verified": false,
        "line_number": 549,
        "is_secret": false
      },
      {
        "type": "Hex High Entropy String",
        "filename": "docs/compact-wire-report.json",
        "hashed_secret": "66f797aec1e94058d5f937460e95616d0c81c99a",
        "is_verified": false,
        "line_number": 550,
        "is_secret": false
      },
      {
        "type": "Hex High Entropy String",
        "filename": "docs/compact-wire-report.json",
        "hashed_secret": "279569dd5baf47a24b3e89898ec1b20a2ba2aeaa",
        "is_verified": false,
        "line_number": 551,
        "is_secret": false
      },
      {
        "type": "Hex High Entropy String",
        "filename": "docs/compact-wire-report.json",
        "hashed_secret": "45c4f1f8014d5f85aded245dce8a465863449180",
        "is_verified": false,
        "line_number": 552,
        "is_secret": false
      },
      {
        "type": "Hex High Entropy String",
        "filename": "docs/compact-wire-report.json",
        "hashed_secret": "c3e8256ddc26264552f5a0e1a8bc9672199723d5",
        "is_verified": false,
        "line_number": 553,
        "is_secret": false
      },
      {
        "type": "Hex High Entropy String",
        "filename": "docs/compact-wire-report.json",
        "hashed_secret": "c2081d48346df7e4de6db20d96a916b30d403402",
        "is_verified": false,
        "line_number": 554,
        "is_secret": false
      },
      {
        "type": "Hex High Entropy String",
        "filename": "docs/compact-wire-report.json",
        "hashed_secret": "2fe4895fd24b54c99893af003a85183711ec055d",
        "is_verified": false,
        "line_number": 555,
        "is_secret": false
      },
      {
        "type": "Hex High Entropy String",
        "filename": "docs/compact-wire-report.json",
        "hashed_secret": "bfab1670f9a2e10b95cf3b977a274f4325c2efd8",
        "is_verified": false,
        "line_number": 556,
        "is_secret": false
      },
      {
        "type": "Hex High Entropy String",
        "filename": "docs/compact-wire-report.json",
        "hashed_secret": "6a7ba71e646fb95420fbdde8a0047647f7aedbf4",
        "is_verified": false,
        "line_number": 7135,
        "is_secret": false
      },
      {
        "type": "Hex High Entropy String",
        "filename": "docs/compact-wire-report.json",
        "hashed_secret": "acbc17d729eec94bac37a08e27b27dfd4716089f",
        "is_verified": false,
        "line_number": 7141,
        "is_secret": false
      },
      {
        "type": "Hex High Entropy String",
        "filename": "docs/compact-wire-report.json",
        "hashed_secret": "e9a7560d253a344cccf39c9311864ee8eb571cff",
        "is_verified": false,
        "line_number": 7143,
        "is_secret": false
      },
      {
        "type": "Hex High Entropy String",
        "filename": "docs/compact-wire-report.json",
        "hashed_secret": "f631bf5848ed68099536256e324ce015b348b08e",
        "is_verified": false,
        "line_number": 7146,
        "is_secret": false
      },
      {
        "type": "Hex High Entropy String",
        "filename": "docs/compact-wire-report.json",
        "hashed_secret": "1dc9c03a666dcdd87ff825d6752df9a3b5384672",
        "is_verified": false,
        "line_number": 7154,
        "is_secret": false
      },
      {
        "type": "Hex High Entropy String",
        "filename": "docs/compact-wire-report.json",
        "hashed_secret": "c69c0e5a6062cf8f0f1b212beca85915602efce0",
        "is_verified": false,
        "line_number": 7155,
        "is_secret": false
      },
      {
        "type": "Hex High Entropy String",
        "filename": "docs/compact-wire-report.json",
        "hashed_secret": "d650d4c1b6571bc5a0c87c00c39b0695f437ddf3",
        "is_verified": false,
        "line_number": 7156,
        "is_secret": false
      },
      {
        "type": "Hex High Entropy String",
        "filename": "docs/compact-wire-report.json",
        "hashed_secret": "f531742fdfb692a8a64fdee67d15095217dade74",
        "is_verified": false,
        "line_number": 7157,
        "is_secret": false
      },
      {
        "type": "Hex High Entropy String",
        "filename": "docs/compact-wire-report.json",
        "hashed_secret": "4e7355809b94c66cbac80bc1f676b4e3925f544a",
        "is_verified": false,
        "line_number": 7160,
        "is_secret": false
      },
      {
        "type": "Hex High Entropy String",
        "filename": "docs/compact-wire-report.json",
        "hashed_secret": "a532d72a5f395172ad8ccbc0d6a2075c9b08b525",
        "is_verified": false,
        "line_number": 7194,
        "is_secret": false
      },
      {
        "type": "Hex High Entropy String",
        "filename": "docs/compact-wire-report.json",
        "hashed_secret": "c800532a8b70f159a483d446e794be97ec4d3d0e",
        "is_verified": false,
        "line_number": 7195,
        "is_secret": false
      },
      {
        "type": "Hex High Entropy String",
        "filename": "docs/compact-wire-report.json",
        "hashed_secret": "87bb9d8e8d25542f98b023f04e1512a0ef57dde9",
        "is_verified": false,
        "line_number": 7196,
        "is_secret": false
      },
      {
        "type": "Hex High Entropy String",
        "filename": "docs/compact-wire-report.json",
        "hashed_secret": "626c7957de6a75730c4abef20ca049029b13a747",
        "is_verified": false,
        "line_number": 7197,
        "is_secret": false
      },
      {
        "type": "Hex High Entropy String",
        "filename": "docs/compact-wire-report.json",
        "hashed_secret": "b33e3c5457abb49fa2cf6d9d148dc4f66387c551",
        "is_verified": false,
        "line_number": 7200,
        "is_secret": false
      }
    ],
    "docs/compact-wire-study.md": [
      {
        "type": "Hex High Entropy String",
        "filename": "docs/compact-wire-study.md",
        "hashed_secret": "196c2883487a4ed91a527d622becfb9b60be3e68",
        "is_verified": false,
        "line_number": 85,
        "is_secret": false
      },
      {
        "type": "Hex High Entropy String",
        "filename": "docs/compact-wire-study.md",
        "hashed_secret": "3192b32c7961d082190dfa52b10b34a0cedeafb9",
        "is_verified": false,
        "line_number": 86,
        "is_secret": false
      },
      {
        "type": "Hex High Entropy String",
        "filename": "docs/compact-wire-study.md",
        "hashed_secret": "3c4a3df97ed4c2d072296b696cc224dfcbe00b90",
        "is_verified": false,
        "line_number": 87,
        "is_secret": false
      },
      {
        "type": "Hex High Entropy String",
        "filename": "docs/compact-wire-study.md",
        "hashed_secret": "efb218fda6aed96432d23f94e01d3e11039a6fd9",
        "is_verified": false,
        "line_number": 88,
        "is_secret": false
      },
      {
        "type": "Hex High Entropy String",
        "filename": "docs/compact-wire-study.md",
        "hashed_secret": "bcf95b3357f6f152882064006457fb9b9b7c3f68",
        "is_verified": false,
        "line_number": 89,
        "is_secret": false
      },
      {
        "type": "Hex High Entropy String",
        "filename": "docs/compact-wire-study.md",
        "hashed_secret": "71c2b5faa10437b37d54b16c3cf59c87fe2b6767",
        "is_verified": false,
        "line_number": 90,
        "is_secret": false
      },
      {
        "type": "Hex High Entropy String",
        "filename": "docs/compact-wire-study.md",
        "hashed_secret": "c66c183b435906f73bdbd85d2fb5ad664a058f70",
        "is_verified": false,
        "line_number": 92,
        "is_secret": false
      },
      {
        "type": "Hex High Entropy String",
        "filename": "docs/compact-wire-study.md",
        "hashed_secret": "9fd89ef68907ea171f36f3ecdbf60973f7645700",
        "is_verified": false,
        "line_number": 97,
        "is_secret": false
      },
      {
        "type": "Hex High Entropy String",
        "filename": "docs/compact-wire-study.md",
        "hashed_secret": "860e318c4afb62a44200cefcf2e2b2cd441c748e",
        "is_verified": false,
        "line_number": 108,
        "is_secret": false
      },
      {
        "type": "Hex High Entropy String",
        "filename": "docs/compact-wire-study.md",
        "hashed_secret": "55c74143092431d819d1cb1ee6b0ba34d6f1d26a",
        "is_verified": false,
        "line_number": 555,
        "is_secret": false
      },
      {
        "type": "Hex High Entropy String",
        "filename": "docs/compact-wire-study.md",
        "hashed_secret": "148464f42844f03ba8e3f5b9978017cadc101cfe",
        "is_verified": false,
        "line_number": 556,
        "is_secret": false
      },
      {
        "type": "Hex High Entropy String",
        "filename": "docs/compact-wire-study.md",
        "hashed_secret": "68bcb87a71d1a3bb6045abe761f020bb7d0b2d02",
        "is_verified": false,
        "line_number": 557,
        "is_secret": false
      },
      {
        "type": "Hex High Entropy String",
        "filename": "docs/compact-wire-study.md",
        "hashed_secret": "b2b0f5d0398a898ec9c206cc8a059a6f3dd474c0",
        "is_verified": false,
        "line_number": 558,
        "is_secret": false
      },
      {
        "type": "Hex High Entropy String",
        "filename": "docs/compact-wire-study.md",
        "hashed_secret": "66f797aec1e94058d5f937460e95616d0c81c99a",
        "is_verified": false,
        "line_number": 559,
        "is_secret": false
      },
      {
        "type": "Hex High Entropy String",
        "filename": "docs/compact-wire-study.md",
        "hashed_secret": "279569dd5baf47a24b3e89898ec1b20a2ba2aeaa",
        "is_verified": false,
        "line_number": 560,
        "is_secret": false
      },
      {
        "type": "Hex High Entropy String",
        "filename": "docs/compact-wire-study.md",
        "hashed_secret": "45c4f1f8014d5f85aded245dce8a465863449180",
        "is_verified": false,
        "line_number": 561,
        "is_secret": false
      },
      {
        "type": "Hex High Entropy String",
        "filename": "docs/compact-wire-study.md",
        "hashed_secret": "c3e8256ddc26264552f5a0e1a8bc9672199723d5",
        "is_verified": false,
        "line_number": 562,
        "is_secret": false
      },
      {
        "type": "Hex High Entropy String",
        "filename": "docs/compact-wire-study.md",
        "hashed_secret": "c2081d48346df7e4de6db20d96a916b30d403402",
        "is_verified": false,
        "line_number": 563,
        "is_secret": false
      },
      {
        "type": "Hex High Entropy String",
        "filename": "docs/compact-wire-study.md",
        "hashed_secret": "2fe4895fd24b54c99893af003a85183711ec055d",
        "is_verified": false,
        "line_number": 564,
        "is_secret": false
      },
      {
        "type": "Hex High Entropy String",
        "filename": "docs/compact-wire-study.md",
        "hashed_secret": "bfab1670f9a2e10b95cf3b977a274f4325c2efd8",
        "is_verified": false,
        "line_number": 565,
        "is_secret": false
      },
      {
        "type": "Hex High Entropy String",
        "filename": "docs/compact-wire-study.md",
        "hashed_secret": "6a7ba71e646fb95420fbdde8a0047647f7aedbf4",
        "is_verified": false,
        "line_number": 7144,
        "is_secret": false
      },
      {
        "type": "Hex High Entropy String",
        "filename": "docs/compact-wire-study.md",
        "hashed_secret": "acbc17d729eec94bac37a08e27b27dfd4716089f",
        "is_verified": false,
        "line_number": 7150,
        "is_secret": false
      },
      {
        "type": "Hex High Entropy String",
        "filename": "docs/compact-wire-study.md",
        "hashed_secret": "e9a7560d253a344cccf39c9311864ee8eb571cff",
        "is_verified": false,
        "line_number": 7152,
        "is_secret": false
      },
      {
        "type": "Hex High Entropy String",
        "filename": "docs/compact-wire-study.md",
        "hashed_secret": "f631bf5848ed68099536256e324ce015b348b08e",
        "is_verified": false,
        "line_number": 7155,
        "is_secret": false
      },
      {
        "type": "Hex High Entropy String",
        "filename": "docs/compact-wire-study.md",
        "hashed_secret": "1dc9c03a666dcdd87ff825d6752df9a3b5384672",
        "is_verified": false,
        "line_number": 7163,
        "is_secret": false
      },
      {
        "type": "Hex High Entropy String",
        "filename": "docs/compact-wire-study.md",
        "hashed_secret": "c69c0e5a6062cf8f0f1b212beca85915602efce0",
        "is_verified": false,
        "line_number": 7164,
        "is_secret": false
      },
      {
        "type": "Hex High Entropy String",
        "filename": "docs/compact-wire-study.md",
        "hashed_secret": "d650d4c1b6571bc5a0c87c00c39b0695f437ddf3",
        "is_verified": false,
        "line_number": 7165,
        "is_secret": false
      },
      {
        "type": "Hex High Entropy String",
        "filename": "docs/compact-wire-study.md",
        "hashed_secret": "f531742fdfb692a8a64fdee67d15095217dade74",
        "is_verified": false,
        "line_number": 7166,
        "is_secret": false
      },
      {
        "type": "Hex High Entropy String",
        "filename": "docs/compact-wire-study.md",
        "hashed_secret": "4e7355809b94c66cbac80bc1f676b4e3925f544a",
        "is_verified": false,
        "line_number": 7169,
        "is_secret": false
      },
      {
        "type": "Hex High Entropy String",
        "filename": "docs/compact-wire-study.md",
        "hashed_secret": "a532d72a5f395172ad8ccbc0d6a2075c9b08b525",
        "is_verified": false,
        "line_number": 7203,
        "is_secret": false
      },
      {
        "type": "Hex High Entropy String",
        "filename": "docs/compact-wire-study.md",
        "hashed_secret": "c800532a8b70f159a483d446e794be97ec4d3d0e",
        "is_verified": false,
        "line_number": 7204,
        "is_secret": false
      },
      {
        "type": "Hex High Entropy String",
        "filename": "docs/compact-wire-study.md",
        "hashed_secret": "87bb9d8e8d25542f98b023f04e1512a0ef57dde9",
        "is_verified": false,
        "line_number": 7205,
        "is_secret": false
      },
      {
        "type": "Hex High Entropy String",
        "filename": "docs/compact-wire-study.md",
        "hashed_secret": "626c7957de6a75730c4abef20ca049029b13a747",
        "is_verified": false,
        "line_number": 7206,
        "is_secret": false
      },
      {
        "type": "Hex High Entropy String",
        "filename": "docs/compact-wire-study.md",
        "hashed_secret": "b33e3c5457abb49fa2cf6d9d148dc4f66387c551",
        "is_verified": false,
        "line_number": 7209,
        "is_secret": false
      }
    ],
    "docs/local-model-value-provenance.json": [
      {
        "type": "Hex High Entropy String",
        "filename": "docs/local-model-value-provenance.json",
        "hashed_secret": "9fd89ef68907ea171f36f3ecdbf60973f7645700",
        "is_verified": false,
        "line_number": 56
      },
      {
        "type": "Hex High Entropy String",
        "filename": "docs/local-model-value-provenance.json",
        "hashed_secret": "55c74143092431d819d1cb1ee6b0ba34d6f1d26a",
        "is_verified": false,
        "line_number": 513
      },
      {
        "type": "Hex High Entropy String",
        "filename": "docs/local-model-value-provenance.json",
        "hashed_secret": "148464f42844f03ba8e3f5b9978017cadc101cfe",
        "is_verified": false,
        "line_number": 514
      },
      {
        "type": "Hex High Entropy String",
        "filename": "docs/local-model-value-provenance.json",
        "hashed_secret": "68bcb87a71d1a3bb6045abe761f020bb7d0b2d02",
        "is_verified": false,
        "line_number": 515
      },
      {
        "type": "Hex High Entropy String",
        "filename": "docs/local-model-value-provenance.json",
        "hashed_secret": "b2b0f5d0398a898ec9c206cc8a059a6f3dd474c0",
        "is_verified": false,
        "line_number": 516
      },
      {
        "type": "Hex High Entropy String",
        "filename": "docs/local-model-value-provenance.json",
        "hashed_secret": "66f797aec1e94058d5f937460e95616d0c81c99a",
        "is_verified": false,
        "line_number": 517
      },
      {
        "type": "Hex High Entropy String",
        "filename": "docs/local-model-value-provenance.json",
        "hashed_secret": "279569dd5baf47a24b3e89898ec1b20a2ba2aeaa",
        "is_verified": false,
        "line_number": 518
      },
      {
        "type": "Hex High Entropy String",
        "filename": "docs/local-model-value-provenance.json",
        "hashed_secret": "45c4f1f8014d5f85aded245dce8a465863449180",
        "is_verified": false,
        "line_number": 519
      },
      {
        "type": "Hex High Entropy String",
        "filename": "docs/local-model-value-provenance.json",
        "hashed_secret": "c3e8256ddc26264552f5a0e1a8bc9672199723d5",
        "is_verified": false,
        "line_number": 520
      },
      {
        "type": "Hex High Entropy String",
        "filename": "docs/local-model-value-provenance.json",
        "hashed_secret": "c2081d48346df7e4de6db20d96a916b30d403402",
        "is_verified": false,
        "line_number": 521
      },
      {
        "type": "Hex High Entropy String",
        "filename": "docs/local-model-value-provenance.json",
        "hashed_secret": "2fe4895fd24b54c99893af003a85183711ec055d",
        "is_verified": false,
        "line_number": 522
      },
      {
        "type": "Hex High Entropy String",
        "filename": "docs/local-model-value-provenance.json",
        "hashed_secret": "bfab1670f9a2e10b95cf3b977a274f4325c2efd8",
        "is_verified": false,
        "line_number": 523
      },
      {
        "type": "Hex High Entropy String",
        "filename": "docs/local-model-value-provenance.json",
        "hashed_secret": "082e78a0cc72a6a6b469237b7941dc9c6a7edd1a",
        "is_verified": false,
        "line_number": 12755
      },
      {
        "type": "Hex High Entropy String",
        "filename": "docs/local-model-value-provenance.json",
        "hashed_secret": "c66c183b435906f73bdbd85d2fb5ad664a058f70",
        "is_verified": false,
        "line_number": 12758
      },
      {
        "type": "Hex High Entropy String",
        "filename": "docs/local-model-value-provenance.json",
        "hashed_secret": "3192b32c7961d082190dfa52b10b34a0cedeafb9",
        "is_verified": false,
        "line_number": 12759
      }
    ]
  },
  "generated_at": "2026-10-07T20:55:55Z"
}
