{
  "version": "1.5.0",
  "plugins_used": [
    {
      "name": "ArtifactoryDetector"
    },
    {
      "name": "AWSKeyDetector"
    },
    {
      "name": "AzureStorageKeyDetector"
    },
    {
      "name": "Base64HighEntropyString",
      "limit": 4.5
    },
    {
      "name": "BasicAuthDetector"
    },
    {
      "name": "CloudantDetector"
    },
    {
      "name": "DiscordBotTokenDetector"
    },
    {
      "name": "GitHubTokenDetector"
    },
    {
      "name": "GitLabTokenDetector"
    },
    {
      "name": "HexHighEntropyString",
      "limit": 3.0
    },
    {
      "name": "IbmCloudIamDetector"
    },
    {
      "name": "IbmCosHmacDetector"
    },
    {
      "name": "IPPublicDetector"
    },
    {
      "name": "JwtTokenDetector"
    },
    {
      "name": "KeywordDetector",
      "keyword_exclude": ""
    },
    {
      "name": "MailchimpDetector"
    },
    {
      "name": "NpmDetector"
    },
    {
      "name": "OpenAIDetector"
    },
    {
      "name": "PrivateKeyDetector"
    },
    {
      "name": "PypiTokenDetector"
    },
    {
      "name": "SendGridDetector"
    },
    {
      "name": "SlackDetector"
    },
    {
      "name": "SoftlayerDetector"
    },
    {
      "name": "SquareOAuthDetector"
    },
    {
      "name": "StripeDetector"
    },
    {
      "name": "TelegramBotTokenDetector"
    },
    {
      "name": "TwilioKeyDetector"
    }
  ],
  "filters_used": [
    {
      "path": "detect_secrets.filters.allowlist.is_line_allowlisted"
    },
    {
      "path": "detect_secrets.filters.common.is_baseline_file",
      "filename": ".secrets.baseline"
    },
    {
      "path": "detect_secrets.filters.common.is_ignored_due_to_verification_policies",
      "min_level": 2
    },
    {
      "path": "detect_secrets.filters.heuristic.is_indirect_reference"
    },
    {
      "path": "detect_secrets.filters.heuristic.is_likely_id_string"
    },
    {
      "path": "detect_secrets.filters.heuristic.is_lock_file"
    },
    {
      "path": "detect_secrets.filters.heuristic.is_not_alphanumeric_string"
    },
    {
      "path": "detect_secrets.filters.heuristic.is_potential_uuid"
    },
    {
      "path": "detect_secrets.filters.heuristic.is_prefixed_with_dollar_sign"
    },
    {
      "path": "detect_secrets.filters.heuristic.is_sequential_string"
    },
    {
      "path": "detect_secrets.filters.heuristic.is_swagger_file"
    },
    {
      "path": "detect_secrets.filters.heuristic.is_templated_secret"
    }
  ],
  "results": {
    "docs/local-model-value-provenance.json": [
      {
        "type": "Hex High Entropy String",
        "filename": "docs/local-model-value-provenance.json",
        "hashed_secret": "9fd89ef68907ea171f36f3ecdbf60973f7645700",
        "is_verified": false,
        "line_number": 56
      },
      {
        "type": "Hex High Entropy String",
        "filename": "docs/local-model-value-provenance.json",
        "hashed_secret": "55c74143092431d819d1cb1ee6b0ba34d6f1d26a",
        "is_verified": false,
        "line_number": 513
      },
      {
        "type": "Hex High Entropy String",
        "filename": "docs/local-model-value-provenance.json",
        "hashed_secret": "148464f42844f03ba8e3f5b9978017cadc101cfe",
        "is_verified": false,
        "line_number": 514
      },
      {
        "type": "Hex High Entropy String",
        "filename": "docs/local-model-value-provenance.json",
        "hashed_secret": "68bcb87a71d1a3bb6045abe761f020bb7d0b2d02",
        "is_verified": false,
        "line_number": 515
      },
      {
        "type": "Hex High Entropy String",
        "filename": "docs/local-model-value-provenance.json",
        "hashed_secret": "b2b0f5d0398a898ec9c206cc8a059a6f3dd474c0",
        "is_verified": false,
        "line_number": 516
      },
      {
        "type": "Hex High Entropy String",
        "filename": "docs/local-model-value-provenance.json",
        "hashed_secret": "66f797aec1e94058d5f937460e95616d0c81c99a",
        "is_verified": false,
        "line_number": 517
      },
      {
        "type": "Hex High Entropy String",
        "filename": "docs/local-model-value-provenance.json",
        "hashed_secret": "279569dd5baf47a24b3e89898ec1b20a2ba2aeaa",
        "is_verified": false,
        "line_number": 518
      },
      {
        "type": "Hex High Entropy String",
        "filename": "docs/local-model-value-provenance.json",
        "hashed_secret": "45c4f1f8014d5f85aded245dce8a465863449180",
        "is_verified": false,
        "line_number": 519
      },
      {
        "type": "Hex High Entropy String",
        "filename": "docs/local-model-value-provenance.json",
        "hashed_secret": "c3e8256ddc26264552f5a0e1a8bc9672199723d5",
        "is_verified": false,
        "line_number": 520
      },
      {
        "type": "Hex High Entropy String",
        "filename": "docs/local-model-value-provenance.json",
        "hashed_secret": "c2081d48346df7e4de6db20d96a916b30d403402",
        "is_verified": false,
        "line_number": 521
      },
      {
        "type": "Hex High Entropy String",
        "filename": "docs/local-model-value-provenance.json",
        "hashed_secret": "2fe4895fd24b54c99893af003a85183711ec055d",
        "is_verified": false,
        "line_number": 522
      },
      {
        "type": "Hex High Entropy String",
        "filename": "docs/local-model-value-provenance.json",
        "hashed_secret": "bfab1670f9a2e10b95cf3b977a274f4325c2efd8",
        "is_verified": false,
        "line_number": 523
      },
      {
        "type": "Hex High Entropy String",
        "filename": "docs/local-model-value-provenance.json",
        "hashed_secret": "082e78a0cc72a6a6b469237b7941dc9c6a7edd1a",
        "is_verified": false,
        "line_number": 12755
      },
      {
        "type": "Hex High Entropy String",
        "filename": "docs/local-model-value-provenance.json",
        "hashed_secret": "c66c183b435906f73bdbd85d2fb5ad664a058f70",
        "is_verified": false,
        "line_number": 12758
      },
      {
        "type": "Hex High Entropy String",
        "filename": "docs/local-model-value-provenance.json",
        "hashed_secret": "3192b32c7961d082190dfa52b10b34a0cedeafb9",
        "is_verified": false,
        "line_number": 12759
      }
    ]
  },
  "generated_at": "2026-10-07T20:55:55Z"
}
